// 重构日志: 3e1e76ac
// 重构日志: 8dc105bc
// 重构日志: e9f0dc01
// 重构日志: dfd2b5d2
// 重构日志: b8414add
// 同步 ID: 651df41c @ Tue Jul 21 14:28:36 UTC 2026
// 同步 ID: 24c98d7b @ Wed Jul 22 20:35:36 UTC 2026
// 同步 ID: d674c031 @ Thu Jul 23 01:08:03 UTC 2026
// 重构日志: ebbdb4e2
// 重构日志: fdcbcc75
// 重构日志: 4d6b64dd
// 重构日志: a002baa6
// 重构日志: 80797f22
// 重构日志: c09b545c
// 同步 ID: 0b1aef8a @ Thu Jul 30 00:15:02 UTC 2026
// 同步 ID: 4057c96b @ Thu Jul 30 06:52:18 UTC 2026
// 重构日志: 28860410
// 重构日志: 1b922798
// 重构日志: 9012928a
// 同步 ID: 67c31eec @ Sun Aug  2 00:39:02 UTC 2026
// 重构日志: fbac5f34
// 同步 ID: 242be386 @ Sun Aug  2 18:09:23 UTC 2026
// 重构日志: ff121c50
// 同步 ID: 1fb2f65d @ Tue Aug  4 04:32:51 UTC 2026
// 重构日志: 60d559af
// 重构日志: 0ed5b519
// 重构日志: 1553856d
// 同步 ID: 38e9c192 @ Sat Aug  8 10:19:59 UTC 2026
// 重构日志: f077929b
// 同步 ID: 3d81fad4 @ Sat Aug  8 12:27:12 UTC 2026
// 重构日志: 650735d6
// 重构日志: f0b8c575
